   Compiling order-matching-engine v0.1.0 (/home/ubuntu/.gemini/antigravity/scratch/order-matching-engine/programs/order-matching-engine)
error[E0432]: unresolved import `crate`
  --> programs/order-matching-engine/src/lib.rs:19:1
   |
19 | #[program]
   | ^^^^^^^^^^
   | |
   | unresolved import
   | help: a similar path exists: `settle::__client_accounts_settle`
   |
   = note: this error originates in the attribute macro `program` (in Nightly builds, run with -Z macro-backtrace for more info)

warning: unexpected `cfg` condition value: `custom-heap`
  --> programs/order-matching-engine/src/lib.rs:19:1
   |
19 | #[program]
   | ^^^^^^^^^^
   |
   = note: expected values for `feature` are: `cpi`, `default`, `idl-build`, `no-entrypoint`, `no-idl`, and `no-log-ix-name`
   = note: using a cfg inside a macro will use the cfgs from the destination crate and not the ones from the defining crate
   = help: try referring to `$crate::custom_heap_default` crate for guidance on how handle this unexpected cfg
   = help: the macro `$crate::custom_heap_default` may come from an old version of the `solana_program_entrypoint` crate, try updating your dependency with `cargo update -p solana_program_entrypoint`
   = note: see <https://doc.rust-lang.org/nightly/rustc/check-cfg/cargo-specifics.html> for more information about checking conditional configuration
   = note: `#[warn(unexpected_cfgs)]` on by default
   = note: this warning originates in the macro `$crate::custom_heap_default` which comes from the expansion of the attribute macro `program` (in Nightly builds, run with -Z macro-backtrace for more info)

warning: unexpected `cfg` condition value: `custom-panic`
  --> programs/order-matching-engine/src/lib.rs:19:1
   |
19 | #[program]
   | ^^^^^^^^^^
   |
   = note: expected values for `feature` are: `cpi`, `default`, `idl-build`, `no-entrypoint`, `no-idl`, and `no-log-ix-name`
   = note: using a cfg inside a macro will use the cfgs from the destination crate and not the ones from the defining crate
   = help: try referring to `$crate::custom_panic_default` crate for guidance on how handle this unexpected cfg
   = help: the macro `$crate::custom_panic_default` may come from an old version of the `solana_program_entrypoint` crate, try updating your dependency with `cargo update -p solana_program_entrypoint`
   = note: see <https://doc.rust-lang.org/nightly/rustc/check-cfg/cargo-specifics.html> for more information about checking conditional configuration
   = note: this warning originates in the macro `$crate::custom_panic_default` which comes from the expansion of the attribute macro `program` (in Nightly builds, run with -Z macro-backtrace for more info)

warning: unexpected `cfg` condition value: `anchor-debug`
 --> programs/order-matching-engine/src/instructions/initialize_market.rs:5:10
  |
5 | #[derive(Accounts)]
  |          ^^^^^^^^
  |
  = note: expected values for `feature` are: `cpi`, `default`, `idl-build`, `no-entrypoint`, `no-idl`, and `no-log-ix-name`
  = note: using a cfg inside a derive macro will use the cfgs from the destination crate and not the ones from the defining crate
  = help: try referring to `Accounts` crate for guidance on how handle this unexpected cfg
  = help: the derive macro `Accounts` may come from an old version of the `anchor_derive_accounts` crate, try updating your dependency with `cargo update -p anchor_derive_accounts`
  = note: see <https://doc.rust-lang.org/nightly/rustc/check-cfg/cargo-specifics.html> for more information about checking conditional configuration
  = note: this warning originates in the derive macro `Accounts` (in Nightly builds, run with -Z macro-backtrace for more info)

warning: unexpected `cfg` condition value: `anchor-debug`
 --> programs/order-matching-engine/src/instructions/place_order.rs:5:10
  |
5 | #[derive(Accounts)]
  |          ^^^^^^^^
  |
  = note: expected values for `feature` are: `cpi`, `default`, `idl-build`, `no-entrypoint`, `no-idl`, and `no-log-ix-name`
  = note: using a cfg inside a derive macro will use the cfgs from the destination crate and not the ones from the defining crate
  = help: try referring to `Accounts` crate for guidance on how handle this unexpected cfg
  = help: the derive macro `Accounts` may come from an old version of the `anchor_derive_accounts` crate, try updating your dependency with `cargo update -p anchor_derive_accounts`
  = note: see <https://doc.rust-lang.org/nightly/rustc/check-cfg/cargo-specifics.html> for more information about checking conditional configuration
  = note: this warning originates in the derive macro `Accounts` (in Nightly builds, run with -Z macro-backtrace for more info)

warning: unexpected `cfg` condition value: `anchor-debug`
 --> programs/order-matching-engine/src/instructions/cancel_order.rs:5:10
  |
5 | #[derive(Accounts)]
  |          ^^^^^^^^
  |
  = note: expected values for `feature` are: `cpi`, `default`, `idl-build`, `no-entrypoint`, `no-idl`, and `no-log-ix-name`
  = note: using a cfg inside a derive macro will use the cfgs from the destination crate and not the ones from the defining crate
  = help: try referring to `Accounts` crate for guidance on how handle this unexpected cfg
  = help: the derive macro `Accounts` may come from an old version of the `anchor_derive_accounts` crate, try updating your dependency with `cargo update -p anchor_derive_accounts`
  = note: see <https://doc.rust-lang.org/nightly/rustc/check-cfg/cargo-specifics.html> for more information about checking conditional configuration
  = note: this warning originates in the derive macro `Accounts` (in Nightly builds, run with -Z macro-backtrace for more info)

warning: unexpected `cfg` condition value: `anchor-debug`
 --> programs/order-matching-engine/src/instructions/match_orders.rs:5:10
  |
5 | #[derive(Accounts)]
  |          ^^^^^^^^
  |
  = note: expected values for `feature` are: `cpi`, `default`, `idl-build`, `no-entrypoint`, `no-idl`, and `no-log-ix-name`
  = note: using a cfg inside a derive macro will use the cfgs from the destination crate and not the ones from the defining crate
  = help: try referring to `Accounts` crate for guidance on how handle this unexpected cfg
  = help: the derive macro `Accounts` may come from an old version of the `anchor_derive_accounts` crate, try updating your dependency with `cargo update -p anchor_derive_accounts`
  = note: see <https://doc.rust-lang.org/nightly/rustc/check-cfg/cargo-specifics.html> for more information about checking conditional configuration
  = note: this warning originates in the derive macro `Accounts` (in Nightly builds, run with -Z macro-backtrace for more info)

warning: unexpected `cfg` condition value: `anchor-debug`
 --> programs/order-matching-engine/src/instructions/settle.rs:4:10
  |
4 | #[derive(Accounts)]
  |          ^^^^^^^^
  |
  = note: expected values for `feature` are: `cpi`, `default`, `idl-build`, `no-entrypoint`, `no-idl`, and `no-log-ix-name`
  = note: using a cfg inside a derive macro will use the cfgs from the destination crate and not the ones from the defining crate
  = help: try referring to `Accounts` crate for guidance on how handle this unexpected cfg
  = help: the derive macro `Accounts` may come from an old version of the `anchor_derive_accounts` crate, try updating your dependency with `cargo update -p anchor_derive_accounts`
  = note: see <https://doc.rust-lang.org/nightly/rustc/check-cfg/cargo-specifics.html> for more information about checking conditional configuration
  = note: this warning originates in the derive macro `Accounts` (in Nightly builds, run with -Z macro-backtrace for more info)

warning: unexpected `cfg` condition value: `anchor-debug`
  --> programs/order-matching-engine/src/lib.rs:19:1
   |
19 | #[program]
   | ^^^^^^^^^^
   |
   = note: expected values for `feature` are: `cpi`, `default`, `idl-build`, `no-entrypoint`, `no-idl`, and `no-log-ix-name`
   = note: using a cfg inside a attribute macro will use the cfgs from the destination crate and not the ones from the defining crate
   = help: try referring to `program` crate for guidance on how handle this unexpected cfg
   = help: the attribute macro `program` may come from an old version of the `anchor_attribute_program` crate, try updating your dependency with `cargo update -p anchor_attribute_program`
   = note: see <https://doc.rust-lang.org/nightly/rustc/check-cfg/cargo-specifics.html> for more information about checking conditional configuration
   = note: this warning originates in the attribute macro `program` (in Nightly builds, run with -Z macro-backtrace for more info)

warning: unexpected `cfg` condition value: `anchor-debug`
  --> programs/order-matching-engine/src/lib.rs:19:1
   |
19 | #[program]
   | ^^^^^^^^^^
   |
   = note: expected values for `feature` are: `cpi`, `default`, `idl-build`, `no-entrypoint`, `no-idl`, and `no-log-ix-name`
   = note: using a cfg inside a derive macro will use the cfgs from the destination crate and not the ones from the defining crate
   = help: try referring to `Accounts` crate for guidance on how handle this unexpected cfg
   = help: the derive macro `Accounts` may come from an old version of the `anchor_derive_accounts` crate, try updating your dependency with `cargo update -p anchor_derive_accounts`
   = note: see <https://doc.rust-lang.org/nightly/rustc/check-cfg/cargo-specifics.html> for more information about checking conditional configuration
   = note: this warning originates in the derive macro `Accounts` (in Nightly builds, run with -Z macro-backtrace for more info)

For more information about this error, try `rustc --explain E0432`.
warning: `order-matching-engine` (lib) generated 14 warnings (5 duplicates)
error: could not compile `order-matching-engine` (lib) due to 1 previous error; 14 warnings emitted
